src/components/ui/ConfirmDialog.tsx(1,1): error TS6133: 'React' is declared but its value is never read.
src/features/activity/RecentActivityPage.tsx(252,30): error TS2322: Type 'RefObject<HTMLElement | null>' is not assignable to type 'Ref<HTMLDivElement> | undefined'.
  Type 'RefObject<HTMLElement | null>' is not assignable to type 'RefObject<HTMLDivElement | null>'.
    Type 'HTMLElement | null' is not assignable to type 'HTMLDivElement | null'.
      Property 'align' is missing in type 'HTMLElement' but required in type 'HTMLDivElement'.
src/features/admin/components/DataTable.tsx(94,33): error TS6133: 'col' is declared but its value is never read.
src/features/admin/pages/AdminCategoriesPage.tsx(1,8): error TS6133: 'React' is declared but its value is never read.
src/features/admin/pages/AdminDashboard.tsx(1,1): error TS6133: 'React' is declared but its value is never read.
src/features/admin/pages/AdminExpensesPage.tsx(1,8): error TS6133: 'React' is declared but its value is never read.
src/features/admin/pages/AdminGroupsPage.tsx(1,8): error TS6133: 'React' is declared but its value is never read.
src/features/admin/pages/AdminSettingsPage.tsx(1,1): error TS6133: 'React' is declared but its value is never read.
src/features/admin/pages/AdminUsersPage.tsx(1,8): error TS6133: 'React' is declared but its value is never read.
src/features/group/GroupDetail.tsx(373,38): error TS2322: Type 'RefObject<HTMLElement | null>' is not assignable to type 'Ref<HTMLDivElement> | undefined'.
  Type 'RefObject<HTMLElement | null>' is not assignable to type 'RefObject<HTMLDivElement | null>'.
    Type 'HTMLElement | null' is not assignable to type 'HTMLDivElement | null'.
      Property 'align' is missing in type 'HTMLElement' but required in type 'HTMLDivElement'.
src/features/notifications/index.tsx(206,34): error TS2322: Type 'RefObject<HTMLElement | null>' is not assignable to type 'Ref<HTMLDivElement> | undefined'.
  Type 'RefObject<HTMLElement | null>' is not assignable to type 'RefObject<HTMLDivElement | null>'.
    Type 'HTMLElement | null' is not assignable to type 'HTMLDivElement | null'.
      Property 'align' is missing in type 'HTMLElement' but required in type 'HTMLDivElement'.
